[10:06:32 AM ET] paper bot v4 start: $18.34, unlimited (until killed), 6 coins (BTC, ETH, SOL, BNB, XRP, DOGE); entry t-5 (BTC/ETH) + t-3/2:30/2 (all), gap 0.10%, 90c-98.5c, stop 50%, size 1=25%/2-3=50%/4=75% (all-in single if <$5), max 4 at once
[10:10:00 AM ET] BTC: gap +0.026% too small - skip
[10:10:00 AM ET] ETH: gap +0.046% too small - skip
[10:12:00 AM ET] BTC: gap +0.048% too small - skip
[10:12:00 AM ET] ETH: gap +0.039% too small - skip
[10:12:00 AM ET] SOL: gap +0.061% too small - skip
[10:12:00 AM ET] BNB: gap +0.000% too small - skip
[10:12:00 AM ET] XRP: gap +0.038% too small - skip
[10:12:00 AM ET] DOGE: gap -0.011% too small - skip
[10:12:30 AM ET] BTC: gap +0.052% too small - skip
[10:12:30 AM ET] ETH: gap +0.038% too small - skip
[10:12:30 AM ET] SOL: gap +0.088% too small - skip
[10:12:30 AM ET] BNB: gap +0.053% too small - skip
[10:12:30 AM ET] XRP: gap +0.058% too small - skip
[10:12:30 AM ET] DOGE: gap -0.011% too small - skip
[10:13:00 AM ET] new code deployed (e8b0322) - restarting to update
[10:13:05 AM ET] paper bot v4 start: $18.34, unlimited (until killed), 6 coins (BTC, ETH, SOL, BNB, XRP, DOGE); entry t-5 (BTC/ETH) + t-3/2:30/2 (all), gap 0.10%, 90c-98.5c, stop 50%, size 1=25%/2-3=50%/4=75% (all-in single if <$5), max 4 at once
[10:13:05 AM ET] BTC: gap +0.052% too small - skip
[10:13:05 AM ET] ETH: gap +0.042% too small - skip
[10:13:05 AM ET] BTC: gap +0.052% too small - skip
[10:13:05 AM ET] ETH: gap +0.042% too small - skip
[10:13:06 AM ET] SOL: gap +0.154% but yes ask 0.99 out of range - skip
[10:13:06 AM ET] BNB: gap +0.058% too small - skip
[10:13:06 AM ET] XRP: gap +0.067% too small - skip
[10:13:06 AM ET] DOGE: gap -0.011% too small - skip
[10:13:06 AM ET] BTC: gap +0.052% too small - skip
[10:13:06 AM ET] ETH: gap +0.042% too small - skip
[10:13:06 AM ET] SOL: gap +0.154% but yes ask 0.99 out of range - skip
[10:13:06 AM ET] XRP: gap +0.077% too small - skip
[10:13:07 AM ET] DOGE: gap -0.011% too small - skip
[10:13:07 AM ET] BNB: PAPER BUY 4x YES @ 0.98 (gap +0.105%) cost $3.94 KXBNB15M-26AUG081015-15
[10:13:07 AM ET] BTC: gap +0.055% too small - skip
[10:13:07 AM ET] ETH: gap +0.053% too small - skip
[10:13:07 AM ET] SOL: gap +0.128% but yes ask 0.99 out of range - skip
[10:13:07 AM ET] XRP: gap +0.077% too small - skip
[10:13:07 AM ET] DOGE: gap -0.011% too small - skip
[10:13:25 AM ET] paper bot v4 start: $14.40, unlimited (until killed), 6 coins (BTC, ETH, SOL, BNB, XRP, DOGE); entry t-5 (BTC/ETH) + t-3/2:30/2 (all), gap 0.10%, 90c-98.5c, stop 50%, size 1=25%/2-3=50%/4=75% (all-in single if <$5), max 4 at once
[10:13:25 AM ET] BTC: gap +0.070% too small - skip
[10:13:25 AM ET] ETH: gap +0.063% too small - skip
[10:13:25 AM ET] BTC: gap +0.070% too small - skip
[10:13:25 AM ET] ETH: gap +0.063% too small - skip
[10:13:25 AM ET] SOL: gap +0.141% but yes ask 1.00 out of range - skip
[10:13:26 AM ET] BNB: gap +0.105% but yes ask 0.99 out of range - skip
[10:13:26 AM ET] XRP: gap +0.096% too small - skip
[10:13:26 AM ET] DOGE: gap -0.011% too small - skip
[10:13:26 AM ET] BTC: gap +0.070% too small - skip
[10:13:26 AM ET] ETH: gap +0.059% too small - skip
[10:13:26 AM ET] SOL: gap +0.154% but yes ask 1.00 out of range - skip
[10:13:26 AM ET] BNB: gap +0.135% but yes ask 0.99 out of range - skip
[10:13:26 AM ET] XRP: gap +0.115% but yes ask 1.00 out of range - skip
[10:13:27 AM ET] DOGE: gap +0.017% too small - skip
[10:13:27 AM ET] BTC: gap +0.070% too small - skip
[10:13:27 AM ET] ETH: gap +0.059% too small - skip
[10:13:27 AM ET] SOL: gap +0.154% but yes ask 1.00 out of range - skip
[10:13:27 AM ET] BNB: gap +0.135% but yes ask 0.99 out of range - skip
[10:13:27 AM ET] XRP: gap +0.115% but yes ask 1.00 out of range - skip
[10:13:27 AM ET] DOGE: gap +0.017% too small - skip
[10:13:27 AM ET] nothing to trade this window (10:15 AM ET close)
[10:25:00 AM ET] BTC: gap +0.095% too small - skip
[10:25:00 AM ET] ETH: gap +0.090% too small - skip
[10:27:00 AM ET] BTC: gap +0.097% too small - skip
[10:27:00 AM ET] ETH: gap +0.074% too small - skip
[10:27:00 AM ET] BNB: gap +1.080% but yes ask 1.00 out of range - skip
[10:27:00 AM ET] XRP: gap -0.105% but no ask 0.99 out of range - skip
[10:27:00 AM ET] DOGE: gap +0.358% but yes ask 1.00 out of range - skip
[10:27:00 AM ET] SOL: PAPER BUY 3x YES @ 0.98 (gap +0.153%) cost $2.95 KXSOL15M-26AUG081030-30
[10:27:30 AM ET] BTC: gap +0.078% too small - skip
[10:27:30 AM ET] ETH: gap +0.076% too small - skip
[10:27:30 AM ET] BNB: gap +1.153% but yes ask 1.00 out of range - skip
[10:27:30 AM ET] XRP: gap -0.096% too small - skip
[10:27:30 AM ET] DOGE: gap +0.485% but yes ask 1.00 out of range - skip
[10:28:00 AM ET] BTC: gap +0.079% too small - skip
[10:28:00 AM ET] ETH: gap +0.076% too small - skip
[10:28:00 AM ET] BNB: gap +1.125% but yes ask 1.00 out of range - skip
[10:28:00 AM ET] XRP: gap -0.125% but no ask 1.00 out of range - skip
[10:28:00 AM ET] DOGE: gap +0.471% but yes ask 1.00 out of range - skip
[10:30:21 AM ET] SOL: result=yes WIN pnl $+0.05 (+1.6%) cash $14.45
[10:40:00 AM ET] BTC: gap +0.021% too small - skip
[10:40:00 AM ET] ETH: gap -0.006% too small - skip
[10:42:00 AM ET] BTC: gap -0.024% too small - skip
[10:42:00 AM ET] ETH: gap -0.063% too small - skip
[10:42:00 AM ET] SOL: gap +0.180% but yes ask 0.99 out of range - skip
[10:42:00 AM ET] XRP: gap +0.038% too small - skip
[10:42:00 AM ET] DOGE: gap +0.281% but yes ask 0.99 out of range - skip
[10:42:00 AM ET] BNB: PAPER BUY 3x YES @ 0.98 (gap +0.287%) cost $2.94 KXBNB15M-26AUG081045-45
[10:42:30 AM ET] BTC: gap -0.024% too small - skip
[10:42:30 AM ET] ETH: gap -0.045% too small - skip
[10:42:30 AM ET] SOL: gap +0.233% but yes ask 0.99 out of range - skip
[10:42:30 AM ET] XRP: gap +0.067% too small - skip
[10:42:30 AM ET] DOGE: gap +0.338% but yes ask 1.00 out of range - skip
[10:43:00 AM ET] BTC: gap -0.025% too small - skip
[10:43:00 AM ET] ETH: gap -0.060% too small - skip
[10:43:00 AM ET] SOL: gap +0.233% but yes ask 0.99 out of range - skip
[10:43:00 AM ET] XRP: gap +0.058% too small - skip
[10:43:00 AM ET] DOGE: gap +0.338% but yes ask 1.00 out of range - skip
[10:45:11 AM ET] BNB: result=yes WIN pnl $+0.06 (+1.9%) cash $14.50
[10:55:00 AM ET] BTC: gap +0.062% too small - skip
[10:55:00 AM ET] ETH: gap +0.136% but yes ask 0.99 out of range - skip
[10:57:00 AM ET] BTC: gap +0.094% too small - skip
[10:57:00 AM ET] ETH: gap +0.144% but yes ask 1.00 out of range - skip
[10:57:00 AM ET] SOL: gap +0.708% but yes ask 1.00 out of range - skip
[10:57:00 AM ET] BNB: gap -0.051% too small - skip
[10:57:00 AM ET] XRP: gap +0.211% but yes ask 0.99 out of range - skip
[10:57:00 AM ET] DOGE: gap +0.587% but yes ask 1.00 out of range - skip
[10:57:30 AM ET] BTC: gap +0.073% too small - skip
[10:57:30 AM ET] ETH: gap +0.130% but yes ask 0.99 out of range - skip
[10:57:30 AM ET] SOL: gap +0.734% but yes ask 1.00 out of range - skip
[10:57:30 AM ET] BNB: gap +0.021% too small - skip
[10:57:30 AM ET] XRP: gap +0.230% but yes ask 1.00 out of range - skip
[10:57:30 AM ET] DOGE: gap +0.475% but yes ask 1.00 out of range - skip
[10:58:00 AM ET] BTC: gap +0.059% too small - skip
[10:58:00 AM ET] ETH: gap +0.109% but yes ask 0.99 out of range - skip
[10:58:00 AM ET] SOL: gap +0.695% but yes ask 1.00 out of range - skip
[10:58:00 AM ET] BNB: gap -0.013% too small - skip
[10:58:00 AM ET] XRP: gap +0.201% but yes ask 1.00 out of range - skip
[10:58:00 AM ET] DOGE: gap +0.489% but yes ask 1.00 out of range - skip
[10:58:00 AM ET] nothing to trade this window (11:00 AM ET close)
[11:10:00 AM ET] BTC: gap -0.044% too small - skip
[11:10:00 AM ET] ETH: gap -0.041% too small - skip
